
> client@0.0.0 test
> vitest src/test/CoursePage.test.tsx --run


[1m[7m[36m RUN [39m[27m[22m [36mv2.1.9 [39m[90mg:/FSOLS/client[39m

[90mstderr[2m | src/test/CoursePage.test.tsx[2m > [22m[2mCoursePage Component[2m > [22m[2mHappy Path[2m > [22m[2mshould render the page with title
[22m[39mAn update to CoursePage inside a test was not wrapped in act(...).

When testing, code that causes React state updates should be wrapped into act(...):

act(() => {
  /* fire events that update state */
});
/* assert on the output */

This ensures that you're testing the behavior the user would see in the browser. Learn more at https://react.dev/link/wrap-tests-with-act

[90mstderr[2m | src/test/CoursePage.test.tsx[2m > [22m[2mCoursePage Component[2m > [22m[2mHappy Path[2m > [22m[2mshould render form and list components
[22m[39mAn update to CoursePage inside a test was not wrapped in act(...).

When testing, code that causes React state updates should be wrapped into act(...):

act(() => {
  /* fire events that update state */
});
/* assert on the output */

This ensures that you're testing the behavior the user would see in the browser. Learn more at https://react.dev/link/wrap-tests-with-act

 [32m✓[39m src/test/CoursePage.test.tsx [2m([22m[2m26 tests[22m[2m)[22m[33m 1912[2mms[22m[39m
   [33m[2m✓[22m[39m CoursePage Component[2m > [22mhandleSaved - Update Existing Course[2m > [22mshould update course when editing existing course [33m461[2mms[22m[39m

[31m⎯⎯⎯⎯⎯⎯[1m[7m Unhandled Errors [27m[22m⎯⎯⎯⎯⎯⎯[39m
[31m[1m
Vitest caught 2 unhandled errors during the test run.
This might cause false positive tests. Resolve unhandled errors to make sure your tests are not affected.[22m[39m

[31m⎯⎯⎯⎯[1m[7m Unhandled Rejection [27m[22m⎯⎯⎯⎯⎯[39m
[31m[1mError[22m: API Error[39m
[36m [2m❯[22m Object.<anonymous> src/test/CoursePage.test.tsx:[2m330:24[22m[39m
    [90m328| [39m      vi[33m.[39m[34mspyOn[39m(console[33m,[39m [32m'error'[39m)[33m.[39m[34mmockImplementation[39m(() [33m=>[39m {})[33m;[39m
    [90m329| [39m      vi[33m.[39m[34mmocked[39m(courseApi[33m.[39mgetByCreator)[33m.[39m[34mmockImplementation[39m(() [33m=>[39m 
    [90m330| [39m        [33mPromise[39m[33m.[39m[34mreject[39m([35mnew[39m [33mError[39m([32m'API Error'[39m))
    [90m   | [39m                       [31m^[39m
    [90m331| [39m      )[33m;[39m
    [90m332| [39m      
[90m [2m❯[22m Object.mockCall node_modules/@vitest/spy/dist/index.js:[2m61:17[22m[39m
[90m [2m❯[22m Object.getByCreator node_modules/tinyspy/dist/index.js:[2m45:80[22m[39m
[90m [2m❯[22m loadCourses src/components/manage/course/CoursePage.tsx:[2m12:34[22m[39m
[90m [2m❯[22m src/components/manage/course/CoursePage.tsx:[2m17:5[22m[39m
[90m [2m❯[22m Object.react_stack_bottom_frame ../node_modules/react-dom/cjs/react-dom-client.development.js:[2m25989:20[22m[39m
[90m [2m❯[22m runWithFiberInDEV ../node_modules/react-dom/cjs/react-dom-client.development.js:[2m874:13[22m[39m
[90m [2m❯[22m commitHookEffectListMount ../node_modules/react-dom/cjs/react-dom-client.development.js:[2m13249:29[22m[39m
[90m [2m❯[22m commitHookPassiveMountEffects ../node_modules/react-dom/cjs/react-dom-client.development.js:[2m13336:11[22m[39m
[90m [2m❯[22m commitPassiveMountOnFiber ../node_modules/react-dom/cjs/react-dom-client.development.js:[2m15484:13[22m[39m

[31mThis error originated in "[1msrc/test/CoursePage.test.tsx[22m" test file. It doesn't mean the error was thrown inside the file itself, but while it was running.[39m
[31mThe latest test that might've caused the error is "[1mshould have empty courses when load fails[22m". It might mean one of the following:
- The error was thrown, while Vitest was running this test.
- If the error occurred after the test had been completed, this was the last documented test before it was thrown.[39m

[31m⎯⎯⎯⎯[1m[7m Unhandled Rejection [27m[22m⎯⎯⎯⎯⎯[39m
[31m[1mError[22m: API Error[39m
[36m [2m❯[22m Object.<anonymous> src/test/CoursePage.test.tsx:[2m343:24[22m[39m
    [90m341| [39m      vi[33m.[39m[34mspyOn[39m(console[33m,[39m [32m'error'[39m)[33m.[39m[34mmockImplementation[39m(() [33m=>[39m {})[33m;[39m
    [90m342| [39m      vi[33m.[39m[34mmocked[39m(courseApi[33m.[39mgetByCreator)[33m.[39m[34mmockImplementation[39m(() [33m=>[39m 
    [90m343| [39m        [33mPromise[39m[33m.[39m[34mreject[39m([35mnew[39m [33mError[39m([32m'API Error'[39m))
    [90m   | [39m                       [31m^[39m
    [90m344| [39m      )[33m;[39m
    [90m345| [39m      
[90m [2m❯[22m Object.mockCall node_modules/@vitest/spy/dist/index.js:[2m61:17[22m[39m
[90m [2m❯[22m Object.getByCreator node_modules/tinyspy/dist/index.js:[2m45:80[22m[39m
[90m [2m❯[22m loadCourses src/components/manage/course/CoursePage.tsx:[2m12:34[22m[39m
[90m [2m❯[22m src/components/manage/course/CoursePage.tsx:[2m17:5[22m[39m
[90m [2m❯[22m Object.react_stack_bottom_frame ../node_modules/react-dom/cjs/react-dom-client.development.js:[2m25989:20[22m[39m
[90m [2m❯[22m runWithFiberInDEV ../node_modules/react-dom/cjs/react-dom-client.development.js:[2m874:13[22m[39m
[90m [2m❯[22m commitHookEffectListMount ../node_modules/react-dom/cjs/react-dom-client.development.js:[2m13249:29[22m[39m
[90m [2m❯[22m commitHookPassiveMountEffects ../node_modules/react-dom/cjs/react-dom-client.development.js:[2m13336:11[22m[39m
[90m [2m❯[22m commitPassiveMountOnFiber ../node_modules/react-dom/cjs/react-dom-client.development.js:[2m15484:13[22m[39m

[31mThis error originated in "[1msrc/test/CoursePage.test.tsx[22m" test file. It doesn't mean the error was thrown inside the file itself, but while it was running.[39m
[31mThe latest test that might've caused the error is "[1mshould have empty courses when load fails[22m". It might mean one of the following:
- The error was thrown, while Vitest was running this test.
- If the error occurred after the test had been completed, this was the last documented test before it was thrown.[39m
[31m⎯⎯⎯⎯⎯⎯⎯⎯⎯⎯⎯⎯⎯⎯⎯⎯⎯⎯⎯⎯⎯⎯⎯⎯⎯⎯⎯⎯⎯⎯[39m

[2m Test Files [22m [1m[32m1 passed[39m[22m[90m (1)[39m
[2m      Tests [22m [1m[32m26 passed[39m[22m[90m (26)[39m
[2m     Errors [22m [1m[31m2 errors[39m[22m
[2m   Start at [22m 10:56:54
[2m   Duration [22m 14.75s[2m (transform 1.16s, setup 1.33s, collect 1.15s, tests 1.91s, environment 5.75s, prepare 841ms)[22m

npm error Lifecycle script `test` failed with error:
npm error code 1
npm error path g:\FSOLS\client
npm error workspace client@0.0.0
npm error location g:\FSOLS\client
npm error command failed
npm error command C:\WINDOWS\system32\cmd.exe /d /s /c vitest src/test/CoursePage.test.tsx --run
